└──FunctionCallExpr: my_func
	└──ExpressionSequence
		└──IdentifierExpr: my_arg

