└──ExpressionSequence
	└──IdentifierExpr: a
	└──IdentifierExpr: b
	└──IdentifierExpr: c

