└──IdentifierSequence
	└──NamespaceAccessExpr: my_namespace
		└──IdentifierExpr: my_func

