└──ProgramDecl
	└──FunctionCall: AccessExpression: IO.puts
		└──StringLiteral: "Hello world!"

