└──FunctionCallExpr: my_product
	└──ExpressionSequence
		└──IdentifierExpr: a
		└──IdentifierExpr: b

